
Allocating common symbols
Common symbol       size              file

netbufpool          0x4               binaries/net.o
readylist           0x2               binaries/ready.o
rfltab              0x5a0             binaries/rflinit.o
sleepq              0x2               binaries/clkinit.o
nnames              0x4               binaries/naminit.o
udptab              0x168             binaries/udp.o
minheap             0x4               binaries/meminit.o
marks               0x50              binaries/mark.o
currpid             0x4               binaries/initialize.o
Lf_data             0x20c             binaries/lfsinit.o
porttab             0x2d0             binaries/ptinit.o
girmask             0x2               binaries/evec.o
ttytab              0x110             binaries/ttyinit.o
proctab             0x15e0            binaries/initialize.o
prcount             0x4               binaries/initialize.o
lfltab              0xf00             binaries/lflinit.o
rdstab              0x8c              binaries/rdsinit.o
ethertab            0x138             binaries/ethinit.o
nsaddr              0x4               binaries/dns.o
NetData             0xa8              binaries/net.o
nmarks              0x4               binaries/mark.o
Defer               0x8               binaries/resched.o
semtab              0x4b0             binaries/initialize.o
maxheap             0x4               binaries/meminit.o
preempt             0x4               binaries/clkinit.o
buftab              0xf0              binaries/bufinit.o
Rf_data             0x18              binaries/rfsinit.o
mkmutex             0x4               binaries/mark.o
clktime             0x4               binaries/clkinit.o
arpcache            0x140             binaries/arp.o
icmptab             0x230             binaries/icmp.o
nbpools             0x4               binaries/bufinit.o
queuetab            0x980             binaries/queue.o
ptnextid            0x4               binaries/ptinit.o
Ram                 0x19000           binaries/raminit.o
ipoqueue            0x2c              binaries/ip.o
memlist             0x8               binaries/initialize.o
nametab             0x19a0            binaries/naminit.o
ptfree              0x4               binaries/ptinit.o

Memory Configuration

Name             Origin             Length             Attributes
*default*        0x0000000000000000 0xffffffffffffffff

Linker script and memory map

                0x0000000000100000                physbase = 0x100000
                0x0000000000100000                . = physbase
                0x0000000000100000                . = ALIGN (0x1000)

.text           0x0000000000100000    0x18000
                0x0000000000100000                text = ABSOLUTE (.)
 *(.text .text.*)
 .text          0x0000000000100000      0x1b8 binaries/start.o
                0x0000000000100028                start
                0x00000000001000fa                inb
                0x0000000000100102                inw
                0x000000000010010b                inl
                0x0000000000100113                outb
                0x000000000010011d                outw
                0x0000000000100128                outl
                0x0000000000100132                _rtcin
                0x000000000010013d                ___udivsi3
                0x0000000000100148                ___divsi3
                0x0000000000100154                sbzero
                0x0000000000100164                insw
                0x000000000010017a                outsw
                0x0000000000100190                bcopy
                0x00000000001001a4                lidt
                0x00000000001001ac                cpuid
 .text          0x00000000001001b8      0x3e3 binaries/ascdate.o
                0x00000000001001b8                ascdate
 .text          0x000000000010059b       0x14 binaries/bufinit.o
                0x000000000010059b                bufinit
 .text          0x00000000001005af       0x94 binaries/chprio.o
                0x00000000001005af                chprio
 .text          0x0000000000100643       0x96 binaries/clkhandler.o
                0x0000000000100643                clkhandler
 .text          0x00000000001006d9       0x7e binaries/clkinit.o
                0x00000000001006d9                clkinit
 .text          0x0000000000100757       0x75 binaries/close.o
                0x0000000000100757                close
 .text          0x00000000001007cc        0x0 binaries/conf.o
 .text          0x00000000001007cc       0x7b binaries/control.o
                0x00000000001007cc                control
 .text          0x0000000000100847      0x2c0 binaries/create.o
                0x0000000000100847                create
 .text          0x0000000000100b07      0x298 binaries/early_imr.o
                0x0000000000100b07                intel_cln_early_sb_read_reg
                0x0000000000100b86                intel_cln_early_sb_write_reg
                0x0000000000100d14                remove_irm_protections
 .text          0x0000000000100d9f      0x440 binaries/evec.o
                0x0000000000100d9f                initevec
                0x0000000000100e9b                set_evec
                0x0000000000100f3d                setirmask
                0x0000000000100f96                trap
 .text          0x00000000001011df       0x19 binaries/exit.o
                0x00000000001011df                exit
 .text          0x00000000001011f8       0x8c binaries/freebuf.o
                0x00000000001011f8                freebuf
 .text          0x0000000000101284      0x172 binaries/freemem.o
                0x0000000000101284                freemem
 .text          0x00000000001013f6       0x8a binaries/getbuf.o
                0x00000000001013f6                getbuf
 .text          0x0000000000101480       0x75 binaries/getc.o
                0x0000000000101480                getc
 .text          0x00000000001014f5       0x74 binaries/getdev.o
                0x00000000001014f5                getdev
 .text          0x0000000000101569       0xd0 binaries/getitem.o
                0x0000000000101569                getfirst
                0x00000000001015ae                getlast
                0x00000000001015f5                getitem
 .text          0x0000000000101639      0x10a binaries/getmem.o
                0x0000000000101639                getmem
 .text          0x0000000000101743        0xa binaries/getpid.o
                0x0000000000101743                getpid
 .text          0x000000000010174d       0x7d binaries/getprio.o
                0x000000000010174d                getprio
 .text          0x00000000001017ca       0xfb binaries/getstk.o
                0x00000000001017ca                getstk
 .text          0x00000000001018c5       0x3a binaries/gettime.o
                0x00000000001018c5                gettime
 .text          0x00000000001018ff      0x1c7 binaries/getutime.o
                0x00000000001018ff                getutime
 .text          0x0000000000101ac6       0x75 binaries/init.o
                0x0000000000101ac6                init
 .text          0x0000000000101b3b      0x2f4 binaries/initialize.o
                0x0000000000101b3b                nulluser
                0x0000000000101dd6                stop
                0x0000000000101e01                delay
 .text          0x0000000000101e2f       0xde binaries/insert.o
                0x0000000000101e2f                insert
 .text          0x0000000000101f0d      0x110 binaries/insertd.o
                0x0000000000101f0d                insertd
 .text          0x000000000010201d        0xa binaries/ioerr.o
                0x000000000010201d                ioerr
 .text          0x0000000000102027        0xa binaries/ionull.o
                0x0000000000102027                ionull
 .text          0x0000000000102031      0x19d binaries/kill.o
                0x0000000000102031                kill
 .text          0x00000000001021ce       0xf0 binaries/kprintf.o
                0x00000000001021ce                kputc
                0x0000000000102235                kgetc
                0x0000000000102294                kprintf
 .text          0x00000000001022be       0x9a binaries/main.o
                0x00000000001022be                main
 .text          0x0000000000102358       0xb5 binaries/mark.o
                0x0000000000102358                markinit
                0x000000000010237c                mark
 .text          0x000000000010240d      0x2ca binaries/meminit.o
                0x000000000010240d                meminit
                0x0000000000102634                setsegs
 .text          0x00000000001026d7      0x174 binaries/mkbufpool.o
                0x00000000001026d7                mkbufpool
 .text          0x000000000010284b       0x94 binaries/newqueue.o
                0x000000000010284b                newqueue
 .text          0x00000000001028df       0x7b binaries/open.o
                0x00000000001028df                open
 .text          0x000000000010295a       0x20 binaries/panic.o
                0x000000000010295a                panic
 .text          0x000000000010297a      0x41a binaries/pci.o
                0x000000000010297a                pci_init
                0x0000000000102a04                find_pci_device
                0x0000000000102aea                pci_read_config_byte
                0x0000000000102b48                pci_read_config_word
                0x0000000000102ba8                pci_read_config_dword
                0x0000000000102c06                pci_write_config_byte
                0x0000000000102c68                pci_write_config_word
                0x0000000000102ccc                pci_write_config_dword
                0x0000000000102d28                pci_get_dev_mmio_base_addr
 .text          0x0000000000102d94       0xc9 binaries/platinit.o
                0x0000000000102d94                cpu_is_quark
                0x0000000000102db1                console_init
                0x0000000000102dfa                platinit
 .text          0x0000000000102e5d       0xf1 binaries/ptclear.o
                0x0000000000102e5d                _ptclear
 .text          0x0000000000102f4e       0x9d binaries/ptcount.o
                0x0000000000102f4e                ptcount
 .text          0x0000000000102feb      0x116 binaries/ptcreate.o
                0x0000000000102feb                ptcreate
 .text          0x0000000000103101       0x7f binaries/ptdelete.o
                0x0000000000103101                ptdelete
 .text          0x0000000000103180       0xbf binaries/ptinit.o
                0x0000000000103180                ptinit
 .text          0x000000000010323f      0x11b binaries/ptrecv.o
                0x000000000010323f                ptrecv
 .text          0x000000000010335a       0x77 binaries/ptreset.o
                0x000000000010335a                ptreset
 .text          0x00000000001033d1      0x13d binaries/ptsend.o
                0x00000000001033d1                ptsend
 .text          0x000000000010350e       0x80 binaries/putc.o
                0x000000000010350e                putc
 .text          0x000000000010358e       0xcc binaries/quark_irq.o
                0x000000000010358e                quark_irq_routing
 .text          0x000000000010365a      0x1e9 binaries/quark_pdat.o
                0x000000000010365a                get_quark_pdat_entry_data_by_id
                0x0000000000103749                get_quark_pdat_entry_data_by_desc
 .text          0x0000000000103843      0x111 binaries/queue.o
                0x0000000000103843                enqueue
                0x00000000001038e7                dequeue
 .text          0x0000000000103954       0x7b binaries/read.o
                0x0000000000103954                read
 .text          0x00000000001039cf       0x7e binaries/ready.o
                0x00000000001039cf                ready
 .text          0x0000000000103a4d       0x62 binaries/receive.o
                0x0000000000103a4d                receive
 .text          0x0000000000103aaf       0x5e binaries/recvclr.o
                0x0000000000103aaf                recvclr
 .text          0x0000000000103b0d       0xbd binaries/recvtime.o
                0x0000000000103b0d                recvtime
 .text          0x0000000000103bca      0x16c binaries/resched.o
                0x0000000000103bca                resched
                0x0000000000103cc1                resched_cntl
 .text          0x0000000000103d36       0xb1 binaries/resume.o
                0x0000000000103d36                resume
 .text          0x0000000000103de7       0x79 binaries/seek.o
                0x0000000000103de7                seek
 .text          0x0000000000103e60       0x70 binaries/semcount.o
                0x0000000000103e60                semcount
 .text          0x0000000000103ed0       0xd6 binaries/semcreate.o
                0x0000000000103ed0                semcreate
 .text          0x0000000000103fa6       0xcd binaries/semdelete.o
                0x0000000000103fa6                semdelete
 .text          0x0000000000104073       0xcb binaries/semreset.o
                0x0000000000104073                semreset
 .text          0x000000000010413e       0xed binaries/send.o
                0x000000000010413e                send
 .text          0x000000000010422b       0xa8 binaries/signal.o
                0x000000000010422b                signal
 .text          0x00000000001042d3       0xd6 binaries/signaln.o
                0x00000000001042d3                signaln
 .text          0x00000000001043a9       0xed binaries/sleep.o
                0x00000000001043a9                sleep
                0x00000000001043f7                sleepms
 .text          0x0000000000104496      0x1a4 binaries/stacktrace.o
                0x0000000000104496                stacktrace
 .text          0x000000000010463a       0xe7 binaries/suspend.o
                0x000000000010463a                suspend
 .text          0x0000000000104721       0xe9 binaries/unsleep.o
                0x0000000000104721                unsleep
 .text          0x000000000010480a       0x19 binaries/userret.o
                0x000000000010480a                userret
 .text          0x0000000000104823       0xdd binaries/wait.o
                0x0000000000104823                wait
 .text          0x0000000000104900       0x72 binaries/wakeup.o
                0x0000000000104900                wakeup
 .text          0x0000000000104972       0x7b binaries/write.o
                0x0000000000104972                write
 .text          0x00000000001049ed       0x1d binaries/xdone.o
                0x00000000001049ed                xdone
 .text          0x0000000000104a0a       0x28 binaries/yield.o
                0x0000000000104a0a                yield
 .text          0x0000000000104a32       0x11 binaries/abs.o
                0x0000000000104a32                abs
 .text          0x0000000000104a43       0x8f binaries/atoi.o
                0x0000000000104a43                atoi
 .text          0x0000000000104ad2       0x8f binaries/atol.o
                0x0000000000104ad2                atol
 .text          0x0000000000104b61       0x31 binaries/bzero.o
                0x0000000000104b61                bzero
 .text          0x0000000000104b92        0x0 binaries/ctype_.o
 .text          0x0000000000104b92      0x8ed binaries/doprnt.o
                0x0000000000104b92                _doprnt
 .text          0x000000000010547f      0x65c binaries/doscan.o
                0x000000000010547f                _doscan
 .text          0x0000000000105adb      0x711 binaries/fdoprnt.o
                0x0000000000105adb                _fdoprnt
 .text          0x00000000001061ec       0x29 binaries/fgetc.o
                0x00000000001061ec                fgetc
 .text          0x0000000000106215       0x75 binaries/fgets.o
                0x0000000000106215                fgets
 .text          0x000000000010628a       0x2a binaries/fprintf.o
                0x000000000010628a                fprintf
 .text          0x00000000001062b4       0x2c binaries/fputc.o
                0x00000000001062b4                fputc
 .text          0x00000000001062e0       0x43 binaries/fputs.o
                0x00000000001062e0                fputs
 .text          0x0000000000106323       0x8a binaries/fscanf.o
                0x0000000000106323                fscanf
 .text          0x00000000001063ad       0x31 binaries/getchar.o
                0x00000000001063ad                getchar
 .text          0x00000000001063de       0x11 binaries/labs.o
                0x00000000001063de                labs
 .text          0x00000000001063ef       0x3a binaries/memchr.o
                0x00000000001063ef                memchr
 .text          0x0000000000106429       0x51 binaries/memcmp.o
                0x0000000000106429                memcmp
 .text          0x000000000010647a       0x3f binaries/memcpy.o
                0x000000000010647a                memcpy
 .text          0x00000000001064b9       0x30 binaries/memset.o
                0x00000000001064b9                memset
 .text          0x00000000001064e9       0x47 binaries/printf.o
                0x00000000001064e9                printf
 .text          0x0000000000106530       0x34 binaries/putchar.o
                0x0000000000106530                putchar
 .text          0x0000000000106564      0x27e binaries/qsort.o
                0x0000000000106564                qsort
 .text          0x00000000001067e2       0x63 binaries/rand.o
                0x00000000001067e2                rand
                0x00000000001067fa                rand_r
                0x0000000000106838                srand
 .text          0x0000000000106845       0x66 binaries/sprintf.o
                0x0000000000106845                sprintf
 .text          0x00000000001068ab       0x70 binaries/sscanf.o
                0x00000000001068ab                sscanf
 .text          0x000000000010691b       0x3c binaries/strchr.o
                0x000000000010691b                strchr
 .text          0x0000000000106957       0x45 binaries/strcmp.o
                0x0000000000106957                strcmp
 .text          0x000000000010699c       0x27 binaries/strcpy.o
                0x000000000010699c                strcpy
 .text          0x00000000001069c3       0x26 binaries/strlen.o
                0x00000000001069c3                strlen
 .text          0x00000000001069e9       0x56 binaries/strncat.o
                0x00000000001069e9                strncat
 .text          0x0000000000106a3f       0x5f binaries/strncmp.o
                0x0000000000106a3f                strncmp
 .text          0x0000000000106a9e       0x4f binaries/strncpy.o
                0x0000000000106a9e                strncpy
 .text          0x0000000000106aed       0x2e binaries/strnlen.o
                0x0000000000106aed                strnlen
 .text          0x0000000000106b1b       0x45 binaries/strrchr.o
                0x0000000000106b1b                strrchr
 .text          0x0000000000106b60       0x6d binaries/strstr.o
                0x0000000000106b60                strstr
 .text          0x0000000000106bcd       0xe4 binaries/ttycontrol.o
                0x0000000000106bcd                ttycontrol
 .text          0x0000000000106cb1       0x97 binaries/ttygetc.o
                0x0000000000106cb1                ttygetc
 .text          0x0000000000106d48      0x6d1 binaries/ttyhandle_in.o
                0x0000000000106d48                ttyhandle_in
 .text          0x0000000000107419      0x183 binaries/ttyhandle_out.o
                0x0000000000107419                ttyhandle_out
 .text          0x000000000010759c       0xba binaries/ttyhandler.o
                0x000000000010759c                ttyhandler
 .text          0x0000000000107656      0x1f1 binaries/ttyinit.o
                0x0000000000107656                ttyinit
 .text          0x0000000000107847       0x10 binaries/ttykickout.o
                0x0000000000107847                ttykickout
 .text          0x0000000000107857       0xb7 binaries/ttyputc.o
                0x0000000000107857                ttyputc
 .text          0x000000000010790e      0x11b binaries/ttyread.o
                0x000000000010790e                ttyread
 .text          0x0000000000107a29       0x4f binaries/ttywrite.o
                0x0000000000107a29                ttywrite
 .text          0x0000000000107a78      0x14b binaries/mount.o
                0x0000000000107a78                mount
                0x0000000000107b8d                namlen
 .text          0x0000000000107bc3      0x1ea binaries/naminit.o
                0x0000000000107bc3                naminit
 .text          0x0000000000107dad      0x211 binaries/nammap.o
                0x0000000000107dad                nammap
                0x0000000000107e38                namrepl
                0x0000000000107f6e                namcpy
 .text          0x0000000000107fbe       0x4e binaries/namopen.o
                0x0000000000107fbe                namopen
 .text          0x000000000010800c      0x184 binaries/colon2mac.o
                0x000000000010800c                colon2mac
 .text          0x0000000000108190       0xc2 binaries/ethcontrol.o
                0x0000000000108190                ethcontrol
 .text          0x0000000000108252      0x183 binaries/ethhandler.o
                0x0000000000108252                ethhandler
 .text          0x00000000001083d5      0x720 binaries/ethinit.o
                0x00000000001083d5                eth_phy_read
                0x000000000010843f                eth_phy_write
                0x00000000001084b3                eth_phy_reset
                0x00000000001085f7                ethinit
 .text          0x0000000000108af5      0x17c binaries/ethmcast.o
                0x0000000000108af5                ethmcast_add
                0x0000000000108b71                ethmcast_remove
 .text          0x0000000000108c71      0x18b binaries/ethread.o
                0x0000000000108c71                ethread
 .text          0x0000000000108dfc       0xf5 binaries/ethwrite.o
                0x0000000000108dfc                ethwrite
 .text          0x0000000000108ef1       0x9e binaries/rdsbufalloc.o
                0x0000000000108ef1                rdsbufalloc
 .text          0x0000000000108f8f       0xcc binaries/rdsclose.o
                0x0000000000108f8f                rdsclose
 .text          0x000000000010905b      0x2b6 binaries/rdscomm.o
                0x000000000010905b                rdscomm
 .text          0x0000000000109311      0x200 binaries/rdscontrol.o
                0x0000000000109311                rdscontrol
 .text          0x0000000000109511      0x1f7 binaries/rdsinit.o
                0x0000000000109511                rdsinit
 .text          0x0000000000109708      0x19b binaries/rdsopen.o
                0x0000000000109708                rdsopen
 .text          0x00000000001098a3      0x461 binaries/rdsprocess.o
                0x00000000001098a3                rdsprocess
 .text          0x0000000000109d04      0x236 binaries/rdsread.o
                0x0000000000109d04                rdsread
 .text          0x0000000000109f3a      0x1db binaries/rdswrite.o
                0x0000000000109f3a                rdswrite
 .text          0x000000000010a115        0xa binaries/ramclose.o
                0x000000000010a115                ramclose
 .text          0x000000000010a11f       0x3e binaries/raminit.o
                0x000000000010a11f                raminit
 .text          0x000000000010a15d        0xa binaries/ramopen.o
                0x000000000010a15d                ramopen
 .text          0x000000000010a167       0x32 binaries/ramread.o
                0x000000000010a167                ramread
 .text          0x000000000010a199       0x32 binaries/ramwrite.o
                0x000000000010a199                ramwrite
 .text          0x000000000010a1cb       0x98 binaries/lfdballoc.o
                0x000000000010a1cb                lfdballoc
 .text          0x000000000010a263       0x56 binaries/lfdbfree.o
                0x000000000010a263                lfdbfree
 .text          0x000000000010a2b9       0xb6 binaries/lfflush.o
                0x000000000010a2b9                lfflush
 .text          0x000000000010a36f       0xd8 binaries/lfgetmode.o
                0x000000000010a36f                lfgetmode
 .text          0x000000000010a447       0x68 binaries/lfiballoc.o
                0x000000000010a447                lfiballoc
 .text          0x000000000010a4af       0x3b binaries/lfibclear.o
                0x000000000010a4af                lfibclear
 .text          0x000000000010a4ea       0xad binaries/lfibget.o
                0x000000000010a4ea                lfibget
 .text          0x000000000010a597       0xdc binaries/lfibput.o
                0x000000000010a597                lfibput
 .text          0x000000000010a673       0xa2 binaries/lflclose.o
                0x000000000010a673                lflclose
 .text          0x000000000010a715       0xd0 binaries/lflcontrol.o
                0x000000000010a715                lflcontrol
 .text          0x000000000010a7e5       0xf2 binaries/lflgetc.o
                0x000000000010a7e5                lflgetc
 .text          0x000000000010a8d7       0xf1 binaries/lflinit.o
                0x000000000010a8d7                lflinit
 .text          0x000000000010a9c8      0x122 binaries/lflputc.o
                0x000000000010a9c8                lflputc
 .text          0x000000000010aaea       0x70 binaries/lflread.o
                0x000000000010aaea                lflread
 .text          0x000000000010ab5a       0xac binaries/lflseek.o
                0x000000000010ab5a                lflseek
 .text          0x000000000010ac06       0x55 binaries/lflwrite.o
                0x000000000010ac06                lflwrite
 .text          0x000000000010ac5b      0x13e binaries/lfsckfmt.o
                0x000000000010ac5b                lfsckfmt
 .text          0x000000000010ad99      0x1ad binaries/lfscreate.o
                0x000000000010ad99                lfscreate
 .text          0x000000000010af46      0x278 binaries/lfsetup.o
                0x000000000010af46                lfsetup
 .text          0x000000000010b1be       0x51 binaries/lfsinit.o
                0x000000000010b1be                lfsinit
 .text          0x000000000010b20f      0x37c binaries/lfsopen.o
                0x000000000010b20f                lfsopen
 .text          0x000000000010b58b      0x15e binaries/lftruncate.o
                0x000000000010b58b                lftruncate
 .text          0x000000000010b6e9       0x71 binaries/rflclose.o
                0x000000000010b6e9                rflclose
 .text          0x000000000010b75a       0x32 binaries/rflgetc.o
                0x000000000010b75a                rflgetc
 .text          0x000000000010b78c       0x76 binaries/rflinit.o
                0x000000000010b78c                rflinit
 .text          0x000000000010b802       0x4b binaries/rflputc.o
                0x000000000010b802                rflputc
 .text          0x000000000010b84d      0x360 binaries/rflread.o
                0x000000000010b84d                rflread
 .text          0x000000000010bbad       0x74 binaries/rflseek.o
                0x000000000010bbad                rflseek
 .text          0x000000000010bc21      0x34d binaries/rflwrite.o
                0x000000000010bc21                rflwrite
 .text          0x000000000010bf6e      0x1e2 binaries/rfscomm.o
                0x000000000010bf6e                rfscomm
 .text          0x000000000010c150      0x288 binaries/rfscontrol.o
                0x000000000010c150                rfscontrol
 .text          0x000000000010c3d8       0xd8 binaries/rfsgetmode.o
                0x000000000010c3d8                rfsgetmode
 .text          0x000000000010c4b0       0x86 binaries/rfsinit.o
                0x000000000010c4b0                rfsinit
 .text          0x000000000010c536      0x111 binaries/rfsndmsg.o
                0x000000000010c536                rfsndmsg
 .text          0x000000000010c647      0x2aa binaries/rfsopen.o
                0x000000000010c647                rfsopen
 .text          0x000000000010c8f1      0x836 binaries/arp.o
                0x000000000010c8f1                arp_init
                0x000000000010c923                arp_resolve
                0x000000000010cbd7                arp_in
                0x000000000010ce8f                arp_alloc
                0x000000000010cf4f                arp_ntoh
                0x000000000010d03b                arp_hton
 .text          0x000000000010d127      0x7b0 binaries/dhcp.o
                0x000000000010d127                dhcp_get_opt_val
                0x000000000010d180                dhcp_bld_bootp_msg
                0x000000000010d28d                dhcp_bld_disc
                0x000000000010d362                dhcp_bld_req
                0x000000000010d4a9                getlocalip
 .text          0x000000000010d8d7      0x513 binaries/dns.o
                0x000000000010d8d7                dns_qa
                0x000000000010daae                dns_bldq
                0x000000000010db7c                dns_geta
                0x000000000010dcfb                dns_getrname
 .text          0x000000000010ddea       0xe8 binaries/dot2ip.o
                0x000000000010ddea                dot2ip
 .text          0x000000000010ded2      0x4c4 binaries/hexdump.o
                0x000000000010ded2                hexdump
                0x000000000010e079                hexadump
 .text          0x000000000010e396      0x8a8 binaries/icmp.o
                0x000000000010e396                icmp_init
                0x000000000010e3cd                icmp_in
                0x000000000010e5a3                icmp_register
                0x000000000010e69e                icmp_recv
                0x000000000010e82a                icmp_send
                0x000000000010e8b2                icmp_mkpkt
                0x000000000010e9cc                icmp_release
                0x000000000010eaca                icmp_cksum
                0x000000000010eb56                icmp_hton
                0x000000000010ebca                icmp_ntoh
 .text          0x000000000010ec3e      0x8a5 binaries/ip.o
                0x000000000010ec3e                ip_in
                0x000000000010edc2                ip_send
                0x000000000010ef1d                ip_local
                0x000000000010ef69                ip_out
                0x000000000010f0a2                ipcksum
                0x000000000010f128                ip_ntoh
                0x000000000010f214                ip_hton
                0x000000000010f300                ipout
                0x000000000010f42f                ip_enqueue
 .text          0x000000000010f4e3      0x247 binaries/net.o
                0x000000000010f4e3                net_init
                0x000000000010f5fb                netin
                0x000000000010f6d6                eth_hton
                0x000000000010f700                eth_ntoh
 .text          0x000000000010f72a      0x110 binaries/netstart.o
                0x000000000010f72a                netstart
 .text          0x000000000010f83a      0x1e0 binaries/packetdump.o
                0x000000000010f83a                packetdump
 .text          0x000000000010fa1a      0x63f binaries/tftp.o
                0x000000000010fa1a                tftp_send1
                0x000000000010fb92                tftpget
                0x000000000010fbc4                tftpget_mb
 .text          0x0000000000110059      0xb82 binaries/udp.o
                0x0000000000110059                udp_init
                0x000000000011008e                udp_in
                0x00000000001101d0                udp_register
                0x000000000011030d                udp_recv
                0x00000000001104a9                udp_recvaddr
                0x000000000011065d                udp_send
                0x0000000000110845                udp_sendto
                0x00000000001109f6                udp_release
                0x0000000000110af1                udp_ntoh
                0x0000000000110b66                udp_hton
 .text          0x0000000000110bdb      0x13b binaries/addargs.o
                0x0000000000110bdb                addargs
 .text          0x0000000000110d16      0x2c9 binaries/lexan.o
                0x0000000000110d16                lexan
 .text          0x0000000000110fdf      0x665 binaries/shell.o
                0x0000000000110fdf                shell
 .text          0x0000000000111644       0x69 binaries/xsh_argecho.o
                0x0000000000111644                xsh_argecho
 .text          0x00000000001116ad      0x275 binaries/xsh_arp.o
                0x00000000001116ad                xsh_arp
 .text          0x0000000000111922      0x26f binaries/xsh_cat.o
                0x0000000000111922                xsh_cat
 .text          0x0000000000111b91       0x5e binaries/xsh_clear.o
                0x0000000000111b91                xsh_clear
 .text          0x0000000000111bef      0x2f7 binaries/xsh_date.o
                0x0000000000111bef                xsh_date
 .text          0x0000000000111ee6       0xae binaries/xsh_devdump.o
                0x0000000000111ee6                xsh_devdump
 .text          0x0000000000111f94       0x72 binaries/xsh_echo.o
                0x0000000000111f94                xsh_echo
 .text          0x0000000000112006        0xa binaries/xsh_exit.o
                0x0000000000112006                xsh_exit
 .text          0x0000000000112010      0x389 binaries/xsh_help.o
                0x0000000000112010                xsh_help
 .text          0x0000000000112399      0x44b binaries/xsh_ipaddr.o
                0x0000000000112399                xsh_ipaddr
 .text          0x00000000001127e4      0x249 binaries/xsh_kill.o
                0x00000000001127e4                xsh_kill
 .text          0x0000000000112a2d      0x514 binaries/xsh_memdump.o
                0x0000000000112a2d                xsh_memdump
 .text          0x0000000000112f41      0x2af binaries/xsh_memstat.o
                0x0000000000112f41                xsh_memstat
 .text          0x00000000001131f0      0x48f binaries/xsh_ping.o
                0x00000000001131f0                xsh_ping
 .text          0x000000000011367f      0x227 binaries/xsh_ps.o
                0x000000000011367f                xsh_ps
 .text          0x00000000001138a6      0x225 binaries/xsh_sleep.o
                0x00000000001138a6                xsh_sleep
 .text          0x0000000000113acb      0x27a binaries/xsh_udpdump.o
                0x0000000000113acb                xsh_udpdump
 .text          0x0000000000113d45      0x4bf binaries/xsh_udpecho.o
                0x0000000000113d45                xsh_udpecho
 .text          0x0000000000114204      0x2b0 binaries/xsh_udpeserver.o
                0x0000000000114204                xsh_udpeserver
 .text          0x00000000001144b4      0x1f3 binaries/xsh_uptime.o
                0x00000000001144b4                xsh_uptime
 .text          0x00000000001146a7        0xe binaries/clkdisp.o
                0x00000000001146a7                clkdisp
 .text          0x00000000001146b5       0x19 binaries/ctxsw.o
                0x00000000001146b5                ctxsw
 .text          0x00000000001146ce      0x36b binaries/intr.o
                0x00000000001146ce                disable
                0x00000000001146d7                restore
                0x00000000001146e5                enable
                0x00000000001146e7                pause
                0x00000000001146ee                halt
                0x00000000001146f4                spurious_irq7
                0x00000000001146f9                spurious_irq15
                0x0000000000114708                _Xint0
                0x0000000000114713                _Xint1
                0x000000000011471e                _Xint2
                0x0000000000114729                _Xint3
                0x0000000000114734                _Xint4
                0x000000000011473f                _Xint5
                0x000000000011474a                _Xint6
                0x0000000000114755                _Xint7
                0x0000000000114760                _Xint8
                0x000000000011476b                _Xint9
                0x0000000000114776                _Xint10
                0x0000000000114781                _Xint11
                0x000000000011478f                _Xint12
                0x000000000011479d                _Xint13
                0x00000000001147ab                _Xint14
                0x00000000001147b9                _Xint15
                0x00000000001147c7                _Xint16
                0x00000000001147d5                _Xint17
                0x00000000001147e3                _Xint18
                0x00000000001147f1                _Xint19
                0x00000000001147ff                _Xint20
                0x000000000011480d                _Xint21
                0x000000000011481b                _Xint22
                0x0000000000114829                _Xint23
                0x0000000000114837                _Xint24
                0x0000000000114845                _Xint25
                0x0000000000114853                _Xint26
                0x0000000000114861                _Xint27
                0x000000000011486f                _Xint28
                0x000000000011487d                _Xint29
                0x000000000011488b                _Xint30
                0x0000000000114899                _Xint31
                0x00000000001148a7                _Xint32
                0x00000000001148b5                _Xint33
                0x00000000001148c3                _Xint34
                0x00000000001148d1                _Xint35
                0x00000000001148df                _Xint36
                0x00000000001148ed                _Xint37
                0x00000000001148fb                _Xint38
                0x0000000000114909                _Xint39
                0x0000000000114917                _Xint40
                0x0000000000114925                _Xint41
                0x0000000000114933                _Xint42
                0x0000000000114941                _Xint43
                0x000000000011494f                _Xint44
                0x000000000011495d                _Xint45
                0x000000000011496b                _Xint46
                0x0000000000114979                defevec
 .text          0x0000000000114a39        0xf binaries/ttydispatch.o
                0x0000000000114a39                ttydispatch
 .text          0x0000000000114a48       0x13 binaries/ethdispatch.o
                0x0000000000114a48                ethdispatch
 *(.rodata .rodata.*)
 *fill*         0x0000000000114a5b        0x1 
 .rodata        0x0000000000114a5c       0x8e binaries/ascdate.o
 .rodata        0x0000000000114aea       0xae binaries/conf.o
 .rodata        0x0000000000114b98       0x83 binaries/early_imr.o
 *fill*         0x0000000000114c1b        0x1 
 .rodata        0x0000000000114c1c      0x231 binaries/evec.o
 *fill*         0x0000000000114e4d        0x3 
 .rodata        0x0000000000114e50       0x60 binaries/getutime.o
 .rodata        0x0000000000114eb0      0x142 binaries/initialize.o
 *fill*         0x0000000000114ff2        0x2 
 .rodata        0x0000000000114ff4       0x20 binaries/kill.o
 .rodata        0x0000000000115014       0x2a binaries/main.o
 *fill*         0x000000000011503e        0x2 
 .rodata        0x0000000000115040       0x3e binaries/meminit.o
 .rodata        0x000000000011507e        0xf binaries/panic.o
 .rodata        0x000000000011508d       0x1c binaries/ptinit.o
 *fill*         0x00000000001150a9        0x3 
 .rodata        0x00000000001150ac       0x25 binaries/ptsend.o
 .rodata        0x00000000001150d1       0x22 binaries/quark_pdat.o
 *fill*         0x00000000001150f3        0x1 
 .rodata        0x00000000001150f4       0xb7 binaries/stacktrace.o
 *fill*         0x00000000001151ab        0x1 
 .rodata        0x00000000001151ac       0x27 binaries/xdone.o
 *fill*         0x00000000001151d3        0xd 
 .rodata        0x00000000001151e0       0x81 binaries/ctype_.o
                0x00000000001151e0                _ctype_
 *fill*         0x0000000000115261        0x3 
 .rodata        0x0000000000115264       0xee binaries/doprnt.o
 *fill*         0x0000000000115352        0x2 
 .rodata        0x0000000000115354       0x98 binaries/doscan.o
 .rodata        0x00000000001153ec       0xae binaries/fdoprnt.o
 *fill*         0x000000000011549a        0x2 
 .rodata        0x000000000011549c       0x20 binaries/ttycontrol.o
 .rodata        0x00000000001154bc       0x34 binaries/ttyhandler.o
 .rodata        0x00000000001154f0       0x80 binaries/naminit.o
 .rodata        0x0000000000115570       0x18 binaries/ethcontrol.o
 .rodata        0x0000000000115588       0x46 binaries/ethinit.o
 *fill*         0x00000000001155ce        0x2 
 .rodata        0x00000000001155d0       0x2c binaries/rdsbufalloc.o
 .rodata        0x00000000001155fc       0x76 binaries/rdscomm.o
 *fill*         0x0000000000115672        0x2 
 .rodata        0x0000000000115674       0x48 binaries/rdscontrol.o
 .rodata        0x00000000001156bc       0x96 binaries/rdsinit.o
 *fill*         0x0000000000115752        0x2 
 .rodata        0x0000000000115754       0x22 binaries/rdsopen.o
 *fill*         0x0000000000115776        0x2 
 .rodata        0x0000000000115778       0x4d binaries/rdsprocess.o
 .rodata        0x00000000001157c5        0x9 binaries/raminit.o
 *fill*         0x00000000001157ce        0x2 
 .rodata        0x00000000001157d0       0x37 binaries/lfdballoc.o
 .rodata        0x0000000000115807       0x14 binaries/lfiballoc.o
 *fill*         0x000000000011581b        0x1 
 .rodata        0x000000000011581c       0x23 binaries/lflcontrol.o
 *fill*         0x000000000011583f        0x1 
 .rodata        0x0000000000115840       0xb7 binaries/lfsckfmt.o
 *fill*         0x00000000001158f7        0x1 
 .rodata        0x00000000001158f8       0x21 binaries/rflread.o
 *fill*         0x0000000000115919        0x3 
 .rodata        0x000000000011591c       0x21 binaries/rflwrite.o
 *fill*         0x000000000011593d        0x3 
 .rodata        0x0000000000115940       0x75 binaries/rfscomm.o
 *fill*         0x00000000001159b5        0x3 
 .rodata        0x00000000001159b8       0x3c binaries/rfscontrol.o
 .rodata        0x00000000001159f4       0x63 binaries/rfsinit.o
 *fill*         0x0000000000115a57        0x1 
 .rodata        0x0000000000115a58       0x2a binaries/rfsndmsg.o
 *fill*         0x0000000000115a82        0x2 
 .rodata        0x0000000000115a84       0x22 binaries/rfsopen.o
 *fill*         0x0000000000115aa6        0x2 
 .rodata        0x0000000000115aa8       0x3a binaries/arp.o
 *fill*         0x0000000000115ae2        0x2 
 .rodata        0x0000000000115ae4       0xef binaries/dhcp.o
 *fill*         0x0000000000115bd3        0x1 
 .rodata        0x0000000000115bd4       0xc9 binaries/hexdump.o
 *fill*         0x0000000000115c9d        0x3 
 .rodata        0x0000000000115ca0       0x29 binaries/icmp.o
 *fill*         0x0000000000115cc9        0x3 
 .rodata        0x0000000000115ccc       0x6e binaries/ip.o
 *fill*         0x0000000000115d3a        0x2 
 .rodata        0x0000000000115d3c       0x4f binaries/net.o
 *fill*         0x0000000000115d8b        0x1 
 .rodata        0x0000000000115d8c       0xcf binaries/netstart.o
 .rodata        0x0000000000115e5b       0x3d binaries/packetdump.o
 .rodata        0x0000000000115e98      0x154 binaries/tftp.o
 *fill*         0x0000000000115fec       0x14 
 .rodata        0x0000000000116000      0x3c9 binaries/shell.o
                0x0000000000116080                cmdtab
 .rodata        0x00000000001163c9       0x28 binaries/xsh_argecho.o
 *fill*         0x00000000001163f1        0x3 
 .rodata        0x00000000001163f4      0x123 binaries/xsh_arp.o
 *fill*         0x0000000000116517        0x1 
 .rodata        0x0000000000116518       0xc9 binaries/xsh_cat.o
 .rodata        0x00000000001165e1       0x15 binaries/xsh_clear.o
 *fill*         0x00000000001165f6        0x2 
 .rodata        0x00000000001165f8      0x1c3 binaries/xsh_date.o
 .rodata        0x00000000001167bb       0x5d binaries/xsh_devdump.o
 .rodata        0x0000000000116818        0x9 binaries/xsh_echo.o
 *fill*         0x0000000000116821        0x3 
 .rodata        0x0000000000116824      0x169 binaries/xsh_help.o
 *fill*         0x000000000011698d        0x3 
 .rodata        0x0000000000116990      0x194 binaries/xsh_ipaddr.o
 .rodata        0x0000000000116b24      0x12e binaries/xsh_kill.o
 *fill*         0x0000000000116c52        0x2 
 .rodata        0x0000000000116c54      0x252 binaries/xsh_memdump.o
 *fill*         0x0000000000116ea6        0x2 
 .rodata        0x0000000000116ea8      0x225 binaries/xsh_memstat.o
 *fill*         0x00000000001170cd        0x3 
 .rodata        0x00000000001170d0      0x1a1 binaries/xsh_ping.o
 *fill*         0x0000000000117271        0xf 
 .rodata        0x0000000000117280      0x1e0 binaries/xsh_ps.o
 .rodata        0x0000000000117460       0xeb binaries/xsh_sleep.o
 *fill*         0x000000000011754b        0x1 
 .rodata        0x000000000011754c      0x1b8 binaries/xsh_udpdump.o
 .rodata        0x0000000000117704      0x215 binaries/xsh_udpecho.o
 *fill*         0x0000000000117919        0x3 
 .rodata        0x000000000011791c      0x12b binaries/xsh_udpeserver.o
 *fill*         0x0000000000117a47        0x1 
 .rodata        0x0000000000117a48      0x105 binaries/xsh_uptime.o
                0x0000000000117b4d                etext = ABSOLUTE (.)
                0x0000000000118000                . = ALIGN (0x1000)
 *fill*         0x0000000000117b4d      0x4b3 

.eh_frame       0x0000000000118000     0x2b50
 .eh_frame      0x0000000000118000       0x38 binaries/ascdate.o
 .eh_frame      0x0000000000118038       0x20 binaries/bufinit.o
                                         0x38 (size before relaxing)
 .eh_frame      0x0000000000118058       0x20 binaries/chprio.o
                                         0x38 (size before relaxing)
 .eh_frame      0x0000000000118078       0x20 binaries/clkhandler.o
                                         0x38 (size before relaxing)
 .eh_frame      0x0000000000118098       0x20 binaries/clkinit.o
                                         0x38 (size before relaxing)
 .eh_frame      0x00000000001180b8       0x20 binaries/close.o
                                         0x38 (size before relaxing)
 .eh_frame      0x00000000001180d8       0x20 binaries/control.o
                                         0x38 (size before relaxing)
 .eh_frame      0x00000000001180f8       0x40 binaries/create.o
                                         0x58 (size before relaxing)
 .eh_frame      0x0000000000118138      0x104 binaries/early_imr.o
                                        0x11c (size before relaxing)
 .eh_frame      0x000000000011823c       0x80 binaries/evec.o
                                         0x98 (size before relaxing)
 .eh_frame      0x00000000001182bc       0x20 binaries/exit.o
                                         0x38 (size before relaxing)
 .eh_frame      0x00000000001182dc       0x20 binaries/freebuf.o
                                         0x38 (size before relaxing)
 .eh_frame      0x00000000001182fc       0x20 binaries/freemem.o
                                         0x38 (size before relaxing)
 .eh_frame      0x000000000011831c       0x20 binaries/getbuf.o
                                         0x38 (size before relaxing)
 .eh_frame      0x000000000011833c       0x20 binaries/getc.o
                                         0x38 (size before relaxing)
 .eh_frame      0x000000000011835c       0x20 binaries/getdev.o
                                         0x38 (size before relaxing)
 .eh_frame      0x000000000011837c       0x60 binaries/getitem.o
                                         0x78 (size before relaxing)
 .eh_frame      0x00000000001183dc       0x20 binaries/getmem.o
                                         0x38 (size before relaxing)
 .eh_frame      0x00000000001183fc       0x20 binaries/getpid.o
                                         0x38 (size before relaxing)
 .eh_frame      0x000000000011841c       0x20 binaries/getprio.o
                                         0x38 (size before relaxing)
 .eh_frame      0x000000000011843c       0x20 binaries/getstk.o
                                         0x38 (size before relaxing)
 .eh_frame      0x000000000011845c       0x20 binaries/gettime.o
                                         0x38 (size before relaxing)
 .eh_frame      0x000000000011847c       0x20 binaries/getutime.o
                                         0x38 (size before relaxing)
 .eh_frame      0x000000000011849c       0x20 binaries/init.o
                                         0x38 (size before relaxing)
 .eh_frame      0x00000000001184bc       0x7c binaries/initialize.o
                                         0x94 (size before relaxing)
 .eh_frame      0x0000000000118538       0x20 binaries/insert.o
                                         0x38 (size before relaxing)
 .eh_frame      0x0000000000118558       0x20 binaries/insertd.o
                                         0x38 (size before relaxing)
 .eh_frame      0x0000000000118578       0x20 binaries/ioerr.o
                                         0x38 (size before relaxing)
 .eh_frame      0x0000000000118598       0x20 binaries/ionull.o
                                         0x38 (size before relaxing)
 .eh_frame      0x00000000001185b8       0x20 binaries/kill.o
                                         0x38 (size before relaxing)
 .eh_frame      0x00000000001185d8       0x60 binaries/kprintf.o
                                         0x78 (size before relaxing)
 .eh_frame      0x0000000000118638       0x24 binaries/main.o
                                         0x3c (size before relaxing)
 .eh_frame      0x000000000011865c       0x40 binaries/mark.o
                                         0x58 (size before relaxing)
 .eh_frame      0x000000000011869c       0x44 binaries/meminit.o
                                         0x5c (size before relaxing)
 .eh_frame      0x00000000001186e0       0x20 binaries/mkbufpool.o
                                         0x38 (size before relaxing)
 .eh_frame      0x0000000000118700       0x20 binaries/newqueue.o
                                         0x38 (size before relaxing)
 .eh_frame      0x0000000000118720       0x20 binaries/open.o
                                         0x38 (size before relaxing)
 .eh_frame      0x0000000000118740       0x1c binaries/panic.o
                                         0x34 (size before relaxing)
 .eh_frame      0x000000000011875c      0x1c0 binaries/pci.o
                                        0x1d8 (size before relaxing)
 .eh_frame      0x000000000011891c       0x60 binaries/platinit.o
                                         0x78 (size before relaxing)
 .eh_frame      0x000000000011897c       0x20 binaries/ptclear.o
                                         0x38 (size before relaxing)
 .eh_frame      0x000000000011899c       0x20 binaries/ptcount.o
                                         0x38 (size before relaxing)
 .eh_frame      0x00000000001189bc       0x20 binaries/ptcreate.o
                                         0x38 (size before relaxing)
 .eh_frame      0x00000000001189dc       0x20 binaries/ptdelete.o
                                         0x38 (size before relaxing)
 .eh_frame      0x00000000001189fc       0x20 binaries/ptinit.o
                                         0x38 (size before relaxing)
 .eh_frame      0x0000000000118a1c       0x20 binaries/ptrecv.o
                                         0x38 (size before relaxing)
 .eh_frame      0x0000000000118a3c       0x20 binaries/ptreset.o
                                         0x38 (size before relaxing)
 .eh_frame      0x0000000000118a5c       0x20 binaries/ptsend.o
                                         0x38 (size before relaxing)
 .eh_frame      0x0000000000118a7c       0x20 binaries/putc.o
                                         0x38 (size before relaxing)
 .eh_frame      0x0000000000118a9c       0x20 binaries/quark_irq.o
                                         0x38 (size before relaxing)
 .eh_frame      0x0000000000118abc       0x40 binaries/quark_pdat.o
                                         0x58 (size before relaxing)
 .eh_frame      0x0000000000118afc       0x40 binaries/queue.o
                                         0x58 (size before relaxing)
 .eh_frame      0x0000000000118b3c       0x20 binaries/read.o
                                         0x38 (size before relaxing)
 .eh_frame      0x0000000000118b5c       0x24 binaries/ready.o
                                         0x3c (size before relaxing)
 .eh_frame      0x0000000000118b80       0x20 binaries/receive.o
                                         0x38 (size before relaxing)
 .eh_frame      0x0000000000118ba0       0x20 binaries/recvclr.o
                                         0x38 (size before relaxing)
 .eh_frame      0x0000000000118bc0       0x20 binaries/recvtime.o
                                         0x38 (size before relaxing)
 .eh_frame      0x0000000000118be0       0x40 binaries/resched.o
                                         0x58 (size before relaxing)
 .eh_frame      0x0000000000118c20       0x20 binaries/resume.o
                                         0x38 (size before relaxing)
 .eh_frame      0x0000000000118c40       0x20 binaries/seek.o
                                         0x38 (size before relaxing)
 .eh_frame      0x0000000000118c60       0x20 binaries/semcount.o
                                         0x38 (size before relaxing)
 .eh_frame      0x0000000000118c80       0x40 binaries/semcreate.o
                                         0x58 (size before relaxing)
 .eh_frame      0x0000000000118cc0       0x20 binaries/semdelete.o
                                         0x38 (size before relaxing)
 .eh_frame      0x0000000000118ce0       0x20 binaries/semreset.o
                                         0x38 (size before relaxing)
 .eh_frame      0x0000000000118d00       0x20 binaries/send.o
                                         0x38 (size before relaxing)
 .eh_frame      0x0000000000118d20       0x20 binaries/signal.o
                                         0x38 (size before relaxing)
 .eh_frame      0x0000000000118d40       0x20 binaries/signaln.o
                                         0x38 (size before relaxing)
 .eh_frame      0x0000000000118d60       0x40 binaries/sleep.o
                                         0x58 (size before relaxing)
 .eh_frame      0x0000000000118da0       0x20 binaries/stacktrace.o
                                         0x38 (size before relaxing)
 .eh_frame      0x0000000000118dc0       0x20 binaries/suspend.o
                                         0x38 (size before relaxing)
 .eh_frame      0x0000000000118de0       0x20 binaries/unsleep.o
                                         0x38 (size before relaxing)
 .eh_frame      0x0000000000118e00       0x20 binaries/userret.o
                                         0x38 (size before relaxing)
 .eh_frame      0x0000000000118e20       0x20 binaries/wait.o
                                         0x38 (size before relaxing)
 .eh_frame      0x0000000000118e40       0x20 binaries/wakeup.o
                                         0x38 (size before relaxing)
 .eh_frame      0x0000000000118e60       0x20 binaries/write.o
                                         0x38 (size before relaxing)
 .eh_frame      0x0000000000118e80       0x20 binaries/xdone.o
                                         0x38 (size before relaxing)
 .eh_frame      0x0000000000118ea0       0x20 binaries/yield.o
                                         0x38 (size before relaxing)
 .eh_frame      0x0000000000118ec0       0x20 binaries/abs.o
                                         0x38 (size before relaxing)
 .eh_frame      0x0000000000118ee0       0x20 binaries/atoi.o
                                         0x38 (size before relaxing)
 .eh_frame      0x0000000000118f00       0x20 binaries/atol.o
                                         0x38 (size before relaxing)
 .eh_frame      0x0000000000118f20       0x20 binaries/bzero.o
                                         0x38 (size before relaxing)
 .eh_frame      0x0000000000118f40       0xe0 binaries/doprnt.o
                                         0xf8 (size before relaxing)
 .eh_frame      0x0000000000119020       0xb0 binaries/doscan.o
                                         0xc8 (size before relaxing)
 .eh_frame      0x00000000001190d0       0xc0 binaries/fdoprnt.o
                                         0xd8 (size before relaxing)
 .eh_frame      0x0000000000119190       0x20 binaries/fgetc.o
                                         0x38 (size before relaxing)
 .eh_frame      0x00000000001191b0       0x20 binaries/fgets.o
                                         0x38 (size before relaxing)
 .eh_frame      0x00000000001191d0       0x20 binaries/fprintf.o
                                         0x38 (size before relaxing)
 .eh_frame      0x00000000001191f0       0x20 binaries/fputc.o
                                         0x38 (size before relaxing)
 .eh_frame      0x0000000000119210       0x20 binaries/fputs.o
                                         0x38 (size before relaxing)
 .eh_frame      0x0000000000119230       0x60 binaries/fscanf.o
                                         0x78 (size before relaxing)
 .eh_frame      0x0000000000119290       0x20 binaries/getchar.o
                                         0x38 (size before relaxing)
 .eh_frame      0x00000000001192b0       0x20 binaries/labs.o
                                         0x38 (size before relaxing)
 .eh_frame      0x00000000001192d0       0x20 binaries/memchr.o
                                         0x38 (size before relaxing)
 .eh_frame      0x00000000001192f0       0x20 binaries/memcmp.o
                                         0x38 (size before relaxing)
 .eh_frame      0x0000000000119310       0x24 binaries/memcpy.o
                                         0x3c (size before relaxing)
 .eh_frame      0x0000000000119334       0x24 binaries/memset.o
                                         0x3c (size before relaxing)
 .eh_frame      0x0000000000119358       0x20 binaries/printf.o
                                         0x38 (size before relaxing)
 .eh_frame      0x0000000000119378       0x20 binaries/putchar.o
                                         0x38 (size before relaxing)
 .eh_frame      0x0000000000119398       0xa8 binaries/qsort.o
                                         0xc0 (size before relaxing)
 .eh_frame      0x0000000000119440       0x60 binaries/rand.o
                                         0x78 (size before relaxing)
 .eh_frame      0x00000000001194a0       0x40 binaries/sprintf.o
                                         0x58 (size before relaxing)
 .eh_frame      0x00000000001194e0       0x60 binaries/sscanf.o
                                         0x78 (size before relaxing)
 .eh_frame      0x0000000000119540       0x20 binaries/strchr.o
                                         0x38 (size before relaxing)
 .eh_frame      0x0000000000119560       0x20 binaries/strcmp.o
                                         0x38 (size before relaxing)
 .eh_frame      0x0000000000119580       0x20 binaries/strcpy.o
                                         0x38 (size before relaxing)
 .eh_frame      0x00000000001195a0       0x20 binaries/strlen.o
                                         0x38 (size before relaxing)
 .eh_frame      0x00000000001195c0       0x20 binaries/strncat.o
                                         0x38 (size before relaxing)
 .eh_frame      0x00000000001195e0       0x20 binaries/strncmp.o
                                         0x38 (size before relaxing)
 .eh_frame      0x0000000000119600       0x28 binaries/strncpy.o
                                         0x40 (size before relaxing)
 .eh_frame      0x0000000000119628       0x20 binaries/strnlen.o
                                         0x38 (size before relaxing)
 .eh_frame      0x0000000000119648       0x20 binaries/strrchr.o
                                         0x38 (size before relaxing)
 .eh_frame      0x0000000000119668       0x20 binaries/strstr.o
                                         0x38 (size before relaxing)
 .eh_frame      0x0000000000119688       0x20 binaries/ttycontrol.o
                                         0x38 (size before relaxing)
 .eh_frame      0x00000000001196a8       0x20 binaries/ttygetc.o
                                         0x38 (size before relaxing)
 .eh_frame      0x00000000001196c8       0x80 binaries/ttyhandle_in.o
                                         0x98 (size before relaxing)
 .eh_frame      0x0000000000119748       0x20 binaries/ttyhandle_out.o
                                         0x38 (size before relaxing)
 .eh_frame      0x0000000000119768       0x20 binaries/ttyhandler.o
                                         0x38 (size before relaxing)
 .eh_frame      0x0000000000119788       0x20 binaries/ttyinit.o
                                         0x38 (size before relaxing)
 .eh_frame      0x00000000001197a8       0x20 binaries/ttykickout.o
                                         0x38 (size before relaxing)
 .eh_frame      0x00000000001197c8       0x20 binaries/ttyputc.o
                                         0x38 (size before relaxing)
 .eh_frame      0x00000000001197e8       0x24 binaries/ttyread.o
                                         0x3c (size before relaxing)
 .eh_frame      0x000000000011980c       0x20 binaries/ttywrite.o
                                         0x38 (size before relaxing)
 .eh_frame      0x000000000011982c       0x40 binaries/mount.o
                                         0x58 (size before relaxing)
 .eh_frame      0x000000000011986c       0x20 binaries/naminit.o
                                         0x38 (size before relaxing)
 .eh_frame      0x000000000011988c       0x60 binaries/nammap.o
                                         0x78 (size before relaxing)
 .eh_frame      0x00000000001198ec       0x20 binaries/namopen.o
                                         0x38 (size before relaxing)
 .eh_frame      0x000000000011990c       0x20 binaries/colon2mac.o
                                         0x38 (size before relaxing)
 .eh_frame      0x000000000011992c       0x20 binaries/ethcontrol.o
                                         0x38 (size before relaxing)
 .eh_frame      0x000000000011994c       0x20 binaries/ethhandler.o
                                         0x38 (size before relaxing)
 .eh_frame      0x000000000011996c       0x9c binaries/ethinit.o
                                         0xb4 (size before relaxing)
 .eh_frame      0x0000000000119a08       0x40 binaries/ethmcast.o
                                         0x58 (size before relaxing)
 .eh_frame      0x0000000000119a48       0x20 binaries/ethread.o
                                         0x38 (size before relaxing)
 .eh_frame      0x0000000000119a68       0x20 binaries/ethwrite.o
                                         0x38 (size before relaxing)
 .eh_frame      0x0000000000119a88       0x20 binaries/rdsbufalloc.o
                                         0x38 (size before relaxing)
 .eh_frame      0x0000000000119aa8       0x20 binaries/rdsclose.o
                                         0x38 (size before relaxing)
 .eh_frame      0x0000000000119ac8       0x20 binaries/rdscomm.o
                                         0x38 (size before relaxing)
 .eh_frame      0x0000000000119ae8       0x20 binaries/rdscontrol.o
                                         0x38 (size before relaxing)
 .eh_frame      0x0000000000119b08       0x20 binaries/rdsinit.o
                                         0x38 (size before relaxing)
 .eh_frame      0x0000000000119b28       0x20 binaries/rdsopen.o
                                         0x38 (size before relaxing)
 .eh_frame      0x0000000000119b48       0x1c binaries/rdsprocess.o
                                         0x34 (size before relaxing)
 .eh_frame      0x0000000000119b64       0x20 binaries/rdsread.o
                                         0x38 (size before relaxing)
 .eh_frame      0x0000000000119b84       0x20 binaries/rdswrite.o
                                         0x38 (size before relaxing)
 .eh_frame      0x0000000000119ba4       0x20 binaries/ramclose.o
                                         0x38 (size before relaxing)
 .eh_frame      0x0000000000119bc4       0x20 binaries/raminit.o
                                         0x38 (size before relaxing)
 .eh_frame      0x0000000000119be4       0x20 binaries/ramopen.o
                                         0x38 (size before relaxing)
 .eh_frame      0x0000000000119c04       0x20 binaries/ramread.o
                                         0x38 (size before relaxing)
 .eh_frame      0x0000000000119c24       0x20 binaries/ramwrite.o
                                         0x38 (size before relaxing)
 .eh_frame      0x0000000000119c44       0x20 binaries/lfdballoc.o
                                         0x38 (size before relaxing)
 .eh_frame      0x0000000000119c64       0x20 binaries/lfdbfree.o
                                         0x38 (size before relaxing)
 .eh_frame      0x0000000000119c84       0x20 binaries/lfflush.o
                                         0x38 (size before relaxing)
 .eh_frame      0x0000000000119ca4       0x20 binaries/lfgetmode.o
                                         0x38 (size before relaxing)
 .eh_frame      0x0000000000119cc4       0x20 binaries/lfiballoc.o
                                         0x38 (size before relaxing)
 .eh_frame      0x0000000000119ce4       0x20 binaries/lfibclear.o
                                         0x38 (size before relaxing)
 .eh_frame      0x0000000000119d04       0x20 binaries/lfibget.o
                                         0x38 (size before relaxing)
 .eh_frame      0x0000000000119d24       0x20 binaries/lfibput.o
                                         0x38 (size before relaxing)
 .eh_frame      0x0000000000119d44       0x20 binaries/lflclose.o
                                         0x38 (size before relaxing)
 .eh_frame      0x0000000000119d64       0x20 binaries/lflcontrol.o
                                         0x38 (size before relaxing)
 .eh_frame      0x0000000000119d84       0x20 binaries/lflgetc.o
                                         0x38 (size before relaxing)
 .eh_frame      0x0000000000119da4       0x20 binaries/lflinit.o
                                         0x38 (size before relaxing)
 .eh_frame      0x0000000000119dc4       0x20 binaries/lflputc.o
                                         0x38 (size before relaxing)
 .eh_frame      0x0000000000119de4       0x20 binaries/lflread.o
                                         0x38 (size before relaxing)
 .eh_frame      0x0000000000119e04       0x20 binaries/lflseek.o
                                         0x38 (size before relaxing)
 .eh_frame      0x0000000000119e24       0x20 binaries/lflwrite.o
                                         0x38 (size before relaxing)
 .eh_frame      0x0000000000119e44       0x20 binaries/lfsckfmt.o
                                         0x38 (size before relaxing)
 .eh_frame      0x0000000000119e64       0x20 binaries/lfscreate.o
                                         0x38 (size before relaxing)
 .eh_frame      0x0000000000119e84       0x20 binaries/lfsetup.o
                                         0x38 (size before relaxing)
 .eh_frame      0x0000000000119ea4       0x20 binaries/lfsinit.o
                                         0x38 (size before relaxing)
 .eh_frame      0x0000000000119ec4       0x20 binaries/lfsopen.o
                                         0x38 (size before relaxing)
 .eh_frame      0x0000000000119ee4       0x20 binaries/lftruncate.o
                                         0x38 (size before relaxing)
 .eh_frame      0x0000000000119f04       0x20 binaries/rflclose.o
                                         0x38 (size before relaxing)
 .eh_frame      0x0000000000119f24       0x20 binaries/rflgetc.o
                                         0x38 (size before relaxing)
 .eh_frame      0x0000000000119f44       0x20 binaries/rflinit.o
                                         0x38 (size before relaxing)
 .eh_frame      0x0000000000119f64       0x20 binaries/rflputc.o
                                         0x38 (size before relaxing)
 .eh_frame      0x0000000000119f84       0x20 binaries/rflread.o
                                         0x38 (size before relaxing)
 .eh_frame      0x0000000000119fa4       0x20 binaries/rflseek.o
                                         0x38 (size before relaxing)
 .eh_frame      0x0000000000119fc4       0x20 binaries/rflwrite.o
                                         0x38 (size before relaxing)
 .eh_frame      0x0000000000119fe4       0x20 binaries/rfscomm.o
                                         0x38 (size before relaxing)
 .eh_frame      0x000000000011a004       0x20 binaries/rfscontrol.o
                                         0x38 (size before relaxing)
 .eh_frame      0x000000000011a024       0x20 binaries/rfsgetmode.o
                                         0x38 (size before relaxing)
 .eh_frame      0x000000000011a044       0x20 binaries/rfsinit.o
                                         0x38 (size before relaxing)
 .eh_frame      0x000000000011a064       0x20 binaries/rfsndmsg.o
                                         0x38 (size before relaxing)
 .eh_frame      0x000000000011a084       0x20 binaries/rfsopen.o
                                         0x38 (size before relaxing)
 .eh_frame      0x000000000011a0a4       0xc0 binaries/arp.o
                                         0xd8 (size before relaxing)
 .eh_frame      0x000000000011a164       0xa0 binaries/dhcp.o
                                         0xb8 (size before relaxing)
 .eh_frame      0x000000000011a204       0x80 binaries/dns.o
                                         0x98 (size before relaxing)
 .eh_frame      0x000000000011a284       0x20 binaries/dot2ip.o
                                         0x38 (size before relaxing)
 .eh_frame      0x000000000011a2a4       0x40 binaries/hexdump.o
                                         0x58 (size before relaxing)
 .eh_frame      0x000000000011a2e4      0x14c binaries/icmp.o
                                        0x164 (size before relaxing)
 .eh_frame      0x000000000011a430      0x11c binaries/ip.o
                                        0x134 (size before relaxing)
 .eh_frame      0x000000000011a54c       0x7c binaries/net.o
                                         0x94 (size before relaxing)
 .eh_frame      0x000000000011a5c8       0x30 binaries/netstart.o
                                         0x48 (size before relaxing)
 .eh_frame      0x000000000011a5f8       0x20 binaries/packetdump.o
                                         0x38 (size before relaxing)
 .eh_frame      0x000000000011a618       0x60 binaries/tftp.o
                                         0x78 (size before relaxing)
 .eh_frame      0x000000000011a678      0x140 binaries/udp.o
                                        0x158 (size before relaxing)
 .eh_frame      0x000000000011a7b8       0x20 binaries/addargs.o
                                         0x38 (size before relaxing)
 .eh_frame      0x000000000011a7d8       0x20 binaries/lexan.o
                                         0x38 (size before relaxing)
 .eh_frame      0x000000000011a7f8       0x20 binaries/shell.o
                                         0x38 (size before relaxing)
 .eh_frame      0x000000000011a818       0x20 binaries/xsh_argecho.o
                                         0x38 (size before relaxing)
 .eh_frame      0x000000000011a838       0x40 binaries/xsh_arp.o
                                         0x58 (size before relaxing)
 .eh_frame      0x000000000011a878       0x20 binaries/xsh_cat.o
                                         0x38 (size before relaxing)
 .eh_frame      0x000000000011a898       0x20 binaries/xsh_clear.o
                                         0x38 (size before relaxing)
 .eh_frame      0x000000000011a8b8       0x20 binaries/xsh_date.o
                                         0x38 (size before relaxing)
 .eh_frame      0x000000000011a8d8       0x20 binaries/xsh_devdump.o
                                         0x38 (size before relaxing)
 .eh_frame      0x000000000011a8f8       0x20 binaries/xsh_echo.o
                                         0x38 (size before relaxing)
 .eh_frame      0x000000000011a918       0x20 binaries/xsh_exit.o
                                         0x38 (size before relaxing)
 .eh_frame      0x000000000011a938       0x20 binaries/xsh_help.o
                                         0x38 (size before relaxing)
 .eh_frame      0x000000000011a958       0x30 binaries/xsh_ipaddr.o
                                         0x48 (size before relaxing)
 .eh_frame      0x000000000011a988       0x20 binaries/xsh_kill.o
                                         0x38 (size before relaxing)
 .eh_frame      0x000000000011a9a8       0x40 binaries/xsh_memdump.o
                                         0x58 (size before relaxing)
 .eh_frame      0x000000000011a9e8       0x60 binaries/xsh_memstat.o
                                         0x78 (size before relaxing)
 .eh_frame      0x000000000011aa48       0x24 binaries/xsh_ping.o
                                         0x3c (size before relaxing)
 .eh_frame      0x000000000011aa6c       0x30 binaries/xsh_ps.o
                                         0x48 (size before relaxing)
 .eh_frame      0x000000000011aa9c       0x20 binaries/xsh_sleep.o
                                         0x38 (size before relaxing)
 .eh_frame      0x000000000011aabc       0x20 binaries/xsh_udpdump.o
                                         0x38 (size before relaxing)
 .eh_frame      0x000000000011aadc       0x30 binaries/xsh_udpecho.o
                                         0x48 (size before relaxing)
 .eh_frame      0x000000000011ab0c       0x24 binaries/xsh_udpeserver.o
                                         0x3c (size before relaxing)
 .eh_frame      0x000000000011ab30       0x20 binaries/xsh_uptime.o
                                         0x38 (size before relaxing)

.iplt           0x000000000011ab50        0x0
 .iplt          0x000000000011ab50        0x0 binaries/start.o

.rel.dyn        0x000000000011ab50        0x0
 .rel.iplt      0x000000000011ab50        0x0 binaries/start.o
 .rel.text      0x000000000011ab50        0x0 binaries/start.o
 .rel.data      0x000000000011ab50        0x0 binaries/start.o
 .rel.rodata    0x000000000011ab50        0x0 binaries/start.o

.data           0x000000000011ab60     0x14a0
                0x000000000011ab60                data = ABSOLUTE (.)
 *(.data .data.*)
 .data          0x000000000011ab60      0x83a binaries/start.o
                0x000000000011ab60                gdt
                0x000000000011ab90                idt
                0x000000000011b396                cpudelay
 *fill*         0x000000000011b39a        0x6 
 .data          0x000000000011b3a0       0x88 binaries/ascdate.o
                0x000000000011b3a0                Date
 .data          0x000000000011b428        0x0 binaries/bufinit.o
 .data          0x000000000011b428        0x0 binaries/chprio.o
 .data          0x000000000011b428        0x4 binaries/clkhandler.o
 .data          0x000000000011b42c        0x0 binaries/clkinit.o
 .data          0x000000000011b42c        0x0 binaries/close.o
 *fill*         0x000000000011b42c       0x14 
 .data          0x000000000011b440      0x5a0 binaries/conf.o
                0x000000000011b440                devtab
 .data          0x000000000011b9e0        0x0 binaries/control.o
 .data          0x000000000011b9e0        0x4 binaries/create.o
 .data          0x000000000011b9e4        0x0 binaries/early_imr.o
 *fill*         0x000000000011b9e4       0x1c 
 .data          0x000000000011ba00       0x40 binaries/evec.o
                0x000000000011ba00                inames
 .data          0x000000000011ba40        0x0 binaries/exit.o
 .data          0x000000000011ba40        0x0 binaries/freebuf.o
 .data          0x000000000011ba40        0x0 binaries/freemem.o
 .data          0x000000000011ba40        0x0 binaries/getbuf.o
 .data          0x000000000011ba40        0x0 binaries/getc.o
 .data          0x000000000011ba40        0x0 binaries/getdev.o
 .data          0x000000000011ba40        0x0 binaries/getitem.o
 .data          0x000000000011ba40        0x0 binaries/getmem.o
 .data          0x000000000011ba40        0x0 binaries/getpid.o
 .data          0x000000000011ba40        0x0 binaries/getprio.o
 .data          0x000000000011ba40        0x0 binaries/getstk.o
 .data          0x000000000011ba40        0x0 binaries/gettime.o
 .data          0x000000000011ba40        0x0 binaries/getutime.o
 .data          0x000000000011ba40        0x0 binaries/init.o
 .data          0x000000000011ba40        0x0 binaries/initialize.o
 .data          0x000000000011ba40        0x0 binaries/insert.o
 .data          0x000000000011ba40        0x0 binaries/insertd.o
 .data          0x000000000011ba40        0x0 binaries/ioerr.o
 .data          0x000000000011ba40        0x0 binaries/ionull.o
 .data          0x000000000011ba40        0x0 binaries/kill.o
 .data          0x000000000011ba40        0x0 binaries/kprintf.o
 .data          0x000000000011ba40        0x0 binaries/main.o
 .data          0x000000000011ba40        0x0 binaries/mark.o
 .data          0x000000000011ba40       0x40 binaries/meminit.o
                0x000000000011ba40                bootsign
                0x000000000011ba44                bootinfo
                0x000000000011ba60                gdt_copy
 .data          0x000000000011ba80        0x0 binaries/mkbufpool.o
 .data          0x000000000011ba80        0x2 binaries/newqueue.o
 .data          0x000000000011ba82        0x0 binaries/open.o
 .data          0x000000000011ba82        0x0 binaries/panic.o
 .data          0x000000000011ba82        0x0 binaries/pci.o
 .data          0x000000000011ba82        0x0 binaries/platinit.o
 .data          0x000000000011ba82        0x0 binaries/ptclear.o
 .data          0x000000000011ba82        0x0 binaries/ptcount.o
 .data          0x000000000011ba82        0x0 binaries/ptcreate.o
 .data          0x000000000011ba82        0x0 binaries/ptdelete.o
 .data          0x000000000011ba82        0x0 binaries/ptinit.o
 .data          0x000000000011ba82        0x0 binaries/ptrecv.o
 .data          0x000000000011ba82        0x0 binaries/ptreset.o
 .data          0x000000000011ba82        0x0 binaries/ptsend.o
 .data          0x000000000011ba82        0x0 binaries/putc.o
[...]
 .comment       0x000000000000002a       0x2b binaries/icmp.o
 .comment       0x000000000000002a       0x2b binaries/ip.o
 .comment       0x000000000000002a       0x2b binaries/net.o
 .comment       0x000000000000002a       0x2b binaries/netstart.o
 .comment       0x000000000000002a       0x2b binaries/packetdump.o
 .comment       0x000000000000002a       0x2b binaries/tftp.o
 .comment       0x000000000000002a       0x2b binaries/udp.o
 .comment       0x000000000000002a       0x2b binaries/addargs.o
 .comment       0x000000000000002a       0x2b binaries/lexan.o
 .comment       0x000000000000002a       0x2b binaries/shell.o
 .comment       0x000000000000002a       0x2b binaries/xsh_argecho.o
 .comment       0x000000000000002a       0x2b binaries/xsh_arp.o
 .comment       0x000000000000002a       0x2b binaries/xsh_cat.o
 .comment       0x000000000000002a       0x2b binaries/xsh_clear.o
 .comment       0x000000000000002a       0x2b binaries/xsh_date.o
 .comment       0x000000000000002a       0x2b binaries/xsh_devdump.o
 .comment       0x000000000000002a       0x2b binaries/xsh_echo.o
 .comment       0x000000000000002a       0x2b binaries/xsh_exit.o
 .comment       0x000000000000002a       0x2b binaries/xsh_help.o
 .comment       0x000000000000002a       0x2b binaries/xsh_ipaddr.o
 .comment       0x000000000000002a       0x2b binaries/xsh_kill.o
 .comment       0x000000000000002a       0x2b binaries/xsh_memdump.o
 .comment       0x000000000000002a       0x2b binaries/xsh_memstat.o
 .comment       0x000000000000002a       0x2b binaries/xsh_ping.o
 .comment       0x000000000000002a       0x2b binaries/xsh_ps.o
 .comment       0x000000000000002a       0x2b binaries/xsh_sleep.o
 .comment       0x000000000000002a       0x2b binaries/xsh_udpdump.o
 .comment       0x000000000000002a       0x2b binaries/xsh_udpecho.o
 .comment       0x000000000000002a       0x2b binaries/xsh_udpeserver.o
 .comment       0x000000000000002a       0x2b binaries/xsh_uptime.o

.note.GNU-stack
                0x0000000000000000        0x0
 .note.GNU-stack
                0x0000000000000000        0x0 binaries/ascdate.o
 .note.GNU-stack
                0x0000000000000000        0x0 binaries/bufinit.o
 .note.GNU-stack
                0x0000000000000000        0x0 binaries/chprio.o
 .note.GNU-stack
                0x0000000000000000        0x0 binaries/clkhandler.o
 .note.GNU-stack
                0x0000000000000000        0x0 binaries/clkinit.o
 .note.GNU-stack
                0x0000000000000000        0x0 binaries/close.o
 .note.GNU-stack
                0x0000000000000000        0x0 binaries/conf.o
 .note.GNU-stack
                0x0000000000000000        0x0 binaries/control.o
 .note.GNU-stack
                0x0000000000000000        0x0 binaries/create.o
 .note.GNU-stack
                0x0000000000000000        0x0 binaries/early_imr.o
 .note.GNU-stack
                0x0000000000000000        0x0 binaries/evec.o
 .note.GNU-stack
                0x0000000000000000        0x0 binaries/exit.o
 .note.GNU-stack
                0x0000000000000000        0x0 binaries/freebuf.o
 .note.GNU-stack
                0x0000000000000000        0x0 binaries/freemem.o
 .note.GNU-stack
                0x0000000000000000        0x0 binaries/getbuf.o
 .note.GNU-stack
                0x0000000000000000        0x0 binaries/getc.o
 .note.GNU-stack
                0x0000000000000000        0x0 binaries/getdev.o
 .note.GNU-stack
                0x0000000000000000        0x0 binaries/getitem.o
 .note.GNU-stack
                0x0000000000000000        0x0 binaries/getmem.o
 .note.GNU-stack
                0x0000000000000000        0x0 binaries/getpid.o
 .note.GNU-stack
                0x0000000000000000        0x0 binaries/getprio.o
 .note.GNU-stack
                0x0000000000000000        0x0 binaries/getstk.o
 .note.GNU-stack
                0x0000000000000000        0x0 binaries/gettime.o
 .note.GNU-stack
                0x0000000000000000        0x0 binaries/getutime.o
 .note.GNU-stack
                0x0000000000000000        0x0 binaries/init.o
 .note.GNU-stack
                0x0000000000000000        0x0 binaries/initialize.o
 .note.GNU-stack
                0x0000000000000000        0x0 binaries/insert.o
 .note.GNU-stack
                0x0000000000000000        0x0 binaries/insertd.o
 .note.GNU-stack
                0x0000000000000000        0x0 binaries/ioerr.o
 .note.GNU-stack
                0x0000000000000000        0x0 binaries/ionull.o
 .note.GNU-stack
                0x0000000000000000        0x0 binaries/kill.o
 .note.GNU-stack
                0x0000000000000000        0x0 binaries/kprintf.o
 .note.GNU-stack
                0x0000000000000000        0x0 binaries/main.o
 .note.GNU-stack
                0x0000000000000000        0x0 binaries/mark.o
 .note.GNU-stack
                0x0000000000000000        0x0 binaries/meminit.o
 .note.GNU-stack
                0x0000000000000000        0x0 binaries/mkbufpool.o
 .note.GNU-stack
                0x0000000000000000        0x0 binaries/newqueue.o
 .note.GNU-stack
                0x0000000000000000        0x0 binaries/open.o
 .note.GNU-stack
                0x0000000000000000        0x0 binaries/panic.o
 .note.GNU-stack
                0x0000000000000000        0x0 binaries/pci.o
 .note.GNU-stack
                0x0000000000000000        0x0 binaries/platinit.o
 .note.GNU-stack
                0x0000000000000000        0x0 binaries/ptclear.o
 .note.GNU-stack
                0x0000000000000000        0x0 binaries/ptcount.o
 .note.GNU-stack
                0x0000000000000000        0x0 binaries/ptcreate.o
 .note.GNU-stack
                0x0000000000000000        0x0 binaries/ptdelete.o
 .note.GNU-stack
                0x0000000000000000        0x0 binaries/ptinit.o
 .note.GNU-stack
                0x0000000000000000        0x0 binaries/ptrecv.o
 .note.GNU-stack
                0x0000000000000000        0x0 binaries/ptreset.o
 .note.GNU-stack
                0x0000000000000000        0x0 binaries/ptsend.o
 .note.GNU-stack
                0x0000000000000000        0x0 binaries/putc.o
 .note.GNU-stack
                0x0000000000000000        0x0 binaries/quark_irq.o
 .note.GNU-stack
                0x0000000000000000        0x0 binaries/quark_pdat.o
 .note.GNU-stack
                0x0000000000000000        0x0 binaries/queue.o
 .note.GNU-stack
                0x0000000000000000        0x0 binaries/read.o
 .note.GNU-stack
                0x0000000000000000        0x0 binaries/ready.o
 .note.GNU-stack
                0x0000000000000000        0x0 binaries/receive.o
 .note.GNU-stack
                0x0000000000000000        0x0 binaries/recvclr.o
 .note.GNU-stack
                0x0000000000000000        0x0 binaries/recvtime.o
 .note.GNU-stack
                0x0000000000000000        0x0 binaries/resched.o
 .note.GNU-stack
                0x0000000000000000        0x0 binaries/resume.o
 .note.GNU-stack
                0x0000000000000000        0x0 binaries/seek.o
 .note.GNU-stack
                0x0000000000000000        0x0 binaries/semcount.o
 .note.GNU-stack
                0x0000000000000000        0x0 binaries/semcreate.o
 .note.GNU-stack
                0x0000000000000000        0x0 binaries/semdelete.o
 .note.GNU-stack
                0x0000000000000000        0x0 binaries/semreset.o
 .note.GNU-stack
                0x0000000000000000        0x0 binaries/send.o
 .note.GNU-stack
                0x0000000000000000        0x0 binaries/signal.o
 .note.GNU-stack
                0x0000000000000000        0x0 binaries/signaln.o
 .note.GNU-stack
                0x0000000000000000        0x0 binaries/sleep.o
 .note.GNU-stack
                0x0000000000000000        0x0 binaries/stacktrace.o
 .note.GNU-stack
                0x0000000000000000        0x0 binaries/suspend.o
 .note.GNU-stack
                0x0000000000000000        0x0 binaries/unsleep.o
 .note.GNU-stack
                0x0000000000000000        0x0 binaries/userret.o
 .note.GNU-stack
                0x0000000000000000        0x0 binaries/wait.o
 .note.GNU-stack
                0x0000000000000000        0x0 binaries/wakeup.o
 .note.GNU-stack
                0x0000000000000000        0x0 binaries/write.o
 .note.GNU-stack
                0x0000000000000000        0x0 binaries/xdone.o
 .note.GNU-stack
                0x0000000000000000        0x0 binaries/yield.o
 .note.GNU-stack
                0x0000000000000000        0x0 binaries/abs.o
 .note.GNU-stack
                0x0000000000000000        0x0 binaries/atoi.o
 .note.GNU-stack
                0x0000000000000000        0x0 binaries/atol.o
 .note.GNU-stack
                0x0000000000000000        0x0 binaries/bzero.o
 .note.GNU-stack
                0x0000000000000000        0x0 binaries/ctype_.o
 .note.GNU-stack
                0x0000000000000000        0x0 binaries/doprnt.o
 .note.GNU-stack
                0x0000000000000000        0x0 binaries/doscan.o
 .note.GNU-stack
                0x0000000000000000        0x0 binaries/fdoprnt.o
 .note.GNU-stack
                0x0000000000000000        0x0 binaries/fgetc.o
 .note.GNU-stack
                0x0000000000000000        0x0 binaries/fgets.o
 .note.GNU-stack
                0x0000000000000000        0x0 binaries/fprintf.o
 .note.GNU-stack
                0x0000000000000000        0x0 binaries/fputc.o
 .note.GNU-stack
                0x0000000000000000        0x0 binaries/fputs.o
 .note.GNU-stack
                0x0000000000000000        0x0 binaries/fscanf.o
 .note.GNU-stack
                0x0000000000000000        0x0 binaries/getchar.o
 .note.GNU-stack
                0x0000000000000000        0x0 binaries/labs.o
 .note.GNU-stack
                0x0000000000000000        0x0 binaries/memchr.o
 .note.GNU-stack
                0x0000000000000000        0x0 binaries/memcmp.o
 .note.GNU-stack
                0x0000000000000000        0x0 binaries/memcpy.o
 .note.GNU-stack
                0x0000000000000000        0x0 binaries/memset.o
 .note.GNU-stack
                0x0000000000000000        0x0 binaries/printf.o
 .note.GNU-stack
                0x0000000000000000        0x0 binaries/putchar.o
 .note.GNU-stack
                0x0000000000000000        0x0 binaries/qsort.o
 .note.GNU-stack
                0x0000000000000000        0x0 binaries/rand.o
 .note.GNU-stack
                0x0000000000000000        0x0 binaries/sprintf.o
 .note.GNU-stack
                0x0000000000000000        0x0 binaries/sscanf.o
 .note.GNU-stack
                0x0000000000000000        0x0 binaries/strchr.o
 .note.GNU-stack
                0x0000000000000000        0x0 binaries/strcmp.o
 .note.GNU-stack
                0x0000000000000000        0x0 binaries/strcpy.o
 .note.GNU-stack
                0x0000000000000000        0x0 binaries/strlen.o
 .note.GNU-stack
                0x0000000000000000        0x0 binaries/strncat.o
 .note.GNU-stack
                0x0000000000000000        0x0 binaries/strncmp.o
 .note.GNU-stack
                0x0000000000000000        0x0 binaries/strncpy.o
 .note.GNU-stack
                0x0000000000000000        0x0 binaries/strnlen.o
 .note.GNU-stack
                0x0000000000000000        0x0 binaries/strrchr.o
 .note.GNU-stack
                0x0000000000000000        0x0 binaries/strstr.o
 .note.GNU-stack
                0x0000000000000000        0x0 binaries/ttycontrol.o
 .note.GNU-stack
                0x0000000000000000        0x0 binaries/ttygetc.o
 .note.GNU-stack
                0x0000000000000000        0x0 binaries/ttyhandle_in.o
 .note.GNU-stack
                0x0000000000000000        0x0 binaries/ttyhandle_out.o
 .note.GNU-stack
                0x0000000000000000        0x0 binaries/ttyhandler.o
 .note.GNU-stack
                0x0000000000000000        0x0 binaries/ttyinit.o
 .note.GNU-stack
                0x0000000000000000        0x0 binaries/ttykickout.o
 .note.GNU-stack
                0x0000000000000000        0x0 binaries/ttyputc.o
 .note.GNU-stack
                0x0000000000000000        0x0 binaries/ttyread.o
 .note.GNU-stack
                0x0000000000000000        0x0 binaries/ttywrite.o
 .note.GNU-stack
                0x0000000000000000        0x0 binaries/mount.o
 .note.GNU-stack
                0x0000000000000000        0x0 binaries/naminit.o
 .note.GNU-stack
                0x0000000000000000        0x0 binaries/nammap.o
 .note.GNU-stack
                0x0000000000000000        0x0 binaries/namopen.o
 .note.GNU-stack
                0x0000000000000000        0x0 binaries/colon2mac.o
 .note.GNU-stack
                0x0000000000000000        0x0 binaries/ethcontrol.o
 .note.GNU-stack
                0x0000000000000000        0x0 binaries/ethhandler.o
 .note.GNU-stack
                0x0000000000000000        0x0 binaries/ethinit.o
 .note.GNU-stack
                0x0000000000000000        0x0 binaries/ethmcast.o
 .note.GNU-stack
                0x0000000000000000        0x0 binaries/ethread.o
 .note.GNU-stack
                0x0000000000000000        0x0 binaries/ethwrite.o
 .note.GNU-stack
                0x0000000000000000        0x0 binaries/rdsbufalloc.o
 .note.GNU-stack
                0x0000000000000000        0x0 binaries/rdsclose.o
 .note.GNU-stack
                0x0000000000000000        0x0 binaries/rdscomm.o
 .note.GNU-stack
                0x0000000000000000        0x0 binaries/rdscontrol.o
 .note.GNU-stack
                0x0000000000000000        0x0 binaries/rdsinit.o
 .note.GNU-stack
                0x0000000000000000        0x0 binaries/rdsopen.o
 .note.GNU-stack
                0x0000000000000000        0x0 binaries/rdsprocess.o
 .note.GNU-stack
                0x0000000000000000        0x0 binaries/rdsread.o
 .note.GNU-stack
                0x0000000000000000        0x0 binaries/rdswrite.o
 .note.GNU-stack
                0x0000000000000000        0x0 binaries/ramclose.o
 .note.GNU-stack
                0x0000000000000000        0x0 binaries/raminit.o
 .note.GNU-stack
                0x0000000000000000        0x0 binaries/ramopen.o
 .note.GNU-stack
                0x0000000000000000        0x0 binaries/ramread.o
 .note.GNU-stack
                0x0000000000000000        0x0 binaries/ramwrite.o
 .note.GNU-stack
                0x0000000000000000        0x0 binaries/lfdballoc.o
 .note.GNU-stack
                0x0000000000000000        0x0 binaries/lfdbfree.o
 .note.GNU-stack
                0x0000000000000000        0x0 binaries/lfflush.o
 .note.GNU-stack
                0x0000000000000000        0x0 binaries/lfgetmode.o
 .note.GNU-stack
                0x0000000000000000        0x0 binaries/lfiballoc.o
 .note.GNU-stack
                0x0000000000000000        0x0 binaries/lfibclear.o
 .note.GNU-stack
                0x0000000000000000        0x0 binaries/lfibget.o
 .note.GNU-stack
                0x0000000000000000        0x0 binaries/lfibput.o
 .note.GNU-stack
                0x0000000000000000        0x0 binaries/lflclose.o
 .note.GNU-stack
                0x0000000000000000        0x0 binaries/lflcontrol.o
 .note.GNU-stack
                0x0000000000000000        0x0 binaries/lflgetc.o
 .note.GNU-stack
                0x0000000000000000        0x0 binaries/lflinit.o
 .note.GNU-stack
                0x0000000000000000        0x0 binaries/lflputc.o
 .note.GNU-stack
                0x0000000000000000        0x0 binaries/lflread.o
 .note.GNU-stack
                0x0000000000000000        0x0 binaries/lflseek.o
 .note.GNU-stack
                0x0000000000000000        0x0 binaries/lflwrite.o
 .note.GNU-stack
                0x0000000000000000        0x0 binaries/lfsckfmt.o
 .note.GNU-stack
                0x0000000000000000        0x0 binaries/lfscreate.o
 .note.GNU-stack
                0x0000000000000000        0x0 binaries/lfsetup.o
 .note.GNU-stack
                0x0000000000000000        0x0 binaries/lfsinit.o
 .note.GNU-stack
                0x0000000000000000        0x0 binaries/lfsopen.o
 .note.GNU-stack
                0x0000000000000000        0x0 binaries/lftruncate.o
 .note.GNU-stack
                0x0000000000000000        0x0 binaries/rflclose.o
 .note.GNU-stack
                0x0000000000000000        0x0 binaries/rflgetc.o
 .note.GNU-stack
                0x0000000000000000        0x0 binaries/rflinit.o
 .note.GNU-stack
                0x0000000000000000        0x0 binaries/rflputc.o
 .note.GNU-stack
                0x0000000000000000        0x0 binaries/rflread.o
 .note.GNU-stack
                0x0000000000000000        0x0 binaries/rflseek.o
 .note.GNU-stack
                0x0000000000000000        0x0 binaries/rflwrite.o
 .note.GNU-stack
                0x0000000000000000        0x0 binaries/rfscomm.o
 .note.GNU-stack
                0x0000000000000000        0x0 binaries/rfscontrol.o
 .note.GNU-stack
                0x0000000000000000        0x0 binaries/rfsgetmode.o
 .note.GNU-stack
                0x0000000000000000        0x0 binaries/rfsinit.o
 .note.GNU-stack
                0x0000000000000000        0x0 binaries/rfsndmsg.o
 .note.GNU-stack
                0x0000000000000000        0x0 binaries/rfsopen.o
 .note.GNU-stack
                0x0000000000000000        0x0 binaries/arp.o
 .note.GNU-stack
                0x0000000000000000        0x0 binaries/dhcp.o
 .note.GNU-stack
                0x0000000000000000        0x0 binaries/dns.o
 .note.GNU-stack
                0x0000000000000000        0x0 binaries/dot2ip.o
 .note.GNU-stack
                0x0000000000000000        0x0 binaries/hexdump.o
 .note.GNU-stack
                0x0000000000000000        0x0 binaries/icmp.o
 .note.GNU-stack
                0x0000000000000000        0x0 binaries/ip.o
 .note.GNU-stack
                0x0000000000000000        0x0 binaries/net.o
 .note.GNU-stack
                0x0000000000000000        0x0 binaries/netstart.o
 .note.GNU-stack
                0x0000000000000000        0x0 binaries/packetdump.o
 .note.GNU-stack
                0x0000000000000000        0x0 binaries/tftp.o
 .note.GNU-stack
                0x0000000000000000        0x0 binaries/udp.o
 .note.GNU-stack
                0x0000000000000000        0x0 binaries/addargs.o
 .note.GNU-stack
                0x0000000000000000        0x0 binaries/lexan.o
 .note.GNU-stack
                0x0000000000000000        0x0 binaries/shell.o
 .note.GNU-stack
                0x0000000000000000        0x0 binaries/xsh_argecho.o
 .note.GNU-stack
                0x0000000000000000        0x0 binaries/xsh_arp.o
 .note.GNU-stack
                0x0000000000000000        0x0 binaries/xsh_cat.o
 .note.GNU-stack
                0x0000000000000000        0x0 binaries/xsh_clear.o
 .note.GNU-stack
                0x0000000000000000        0x0 binaries/xsh_date.o
 .note.GNU-stack
                0x0000000000000000        0x0 binaries/xsh_devdump.o
 .note.GNU-stack
                0x0000000000000000        0x0 binaries/xsh_echo.o
 .note.GNU-stack
                0x0000000000000000        0x0 binaries/xsh_exit.o
 .note.GNU-stack
                0x0000000000000000        0x0 binaries/xsh_help.o
 .note.GNU-stack
                0x0000000000000000        0x0 binaries/xsh_ipaddr.o
 .note.GNU-stack
                0x0000000000000000        0x0 binaries/xsh_kill.o
 .note.GNU-stack
                0x0000000000000000        0x0 binaries/xsh_memdump.o
 .note.GNU-stack
                0x0000000000000000        0x0 binaries/xsh_memstat.o
 .note.GNU-stack
                0x0000000000000000        0x0 binaries/xsh_ping.o
 .note.GNU-stack
                0x0000000000000000        0x0 binaries/xsh_ps.o
 .note.GNU-stack
                0x0000000000000000        0x0 binaries/xsh_sleep.o
 .note.GNU-stack
                0x0000000000000000        0x0 binaries/xsh_udpdump.o
 .note.GNU-stack
                0x0000000000000000        0x0 binaries/xsh_udpecho.o
 .note.GNU-stack
                0x0000000000000000        0x0 binaries/xsh_udpeserver.o
 .note.GNU-stack
                0x0000000000000000        0x0 binaries/xsh_uptime.o
